// Jest Snapshot v1, https://goo.gl/fbAQLP

exports[`LoginView renders 1`] = `ShallowWrapper {}`;
