// Jest Snapshot v1, https://goo.gl/fbAQLP

exports[`UserPreferencesView renders with default values 1`] = `ShallowWrapper {}`;
